azurerm_api_management.hostname_configuration.developer_portal.key_vault_id.renamed
azurerm_api_management.hostname_configuration.management.key_vault_id.renamed
azurerm_api_management.hostname_configuration.portal.key_vault_id.renamed
azurerm_api_management.hostname_configuration.proxy.key_vault_id.renamed
azurerm_api_management.hostname_configuration.scm.key_vault_id.renamed
azurerm_api_management.protocols.enable_http2.renamed
azurerm_api_management.security.enable_backend_ssl30.renamed
azurerm_api_management.security.enable_backend_tls10.renamed
azurerm_api_management.security.enable_backend_tls11.renamed
azurerm_api_management.security.enable_frontend_ssl30.renamed
azurerm_api_management.security.enable_frontend_tls10.renamed
azurerm_api_management.security.enable_frontend_tls11.renamed
azurerm_api_management_custom_domain.developer_portal.key_vault_id.renamed
azurerm_api_management_custom_domain.gateway.key_vault_id.renamed
azurerm_api_management_custom_domain.management.key_vault_id.renamed
azurerm_api_management_custom_domain.portal.key_vault_id.renamed
azurerm_api_management_custom_domain.scm.key_vault_id.renamed
azurerm_application_gateway.authentication_certificate.block-removed
azurerm_application_gateway.backend_http_settings.authentication_certificate.block-removed
azurerm_application_gateway.enable_http2.renamed
azurerm_application_gateway.ssl_profile.verify_client_cert_issuer_dn.renamed
azurerm_application_insights.daily_data_cap_notifications_disabled.review
azurerm_application_insights.disable_ip_masking.review
azurerm_application_insights.local_authentication_disabled.review
azurerm_automation_account.encryption.key_source.removed
azurerm_batch_pool.certificate.block-removed
azurerm_bot_channel_ms_teams.enable_calling.renamed
azurerm_bot_channels_registration.microsoft_app_type.now-required
azurerm_bot_service_azure_bot.microsoft_app_type.now-required
azurerm_bot_web_app.microsoft_app_type.now-required
azurerm_cdn_endpoint_custom_domain.cdn_managed_https.tls_version.value-removed
azurerm_cdn_endpoint_custom_domain.user_managed_https.tls_version.value-removed
azurerm_cdn_frontdoor_custom_domain.tls.minimum_tls_version.renamed
azurerm_cdn_frontdoor_custom_domain.tls.minimum_version.value-removed
azurerm_cdn_frontdoor_rule.actions.request_header_action.block-renamed
azurerm_cdn_frontdoor_rule.actions.response_header_action.block-renamed
azurerm_cdn_frontdoor_rule.actions.route_configuration_override.cache_behavior.renamed
azurerm_cdn_frontdoor_rule.actions.route_configuration_override.cache_duration.renamed
azurerm_cdn_frontdoor_rule.actions.route_configuration_override.caching.fields-moved
azurerm_cdn_frontdoor_rule.actions.route_configuration_override.origin_group.fields-moved
azurerm_cdn_frontdoor_rule.actions.route_configuration_override.query_string_caching_behavior.renamed
azurerm_cdn_frontdoor_rule.actions.route_configuration_override_action.block-renamed
azurerm_cdn_frontdoor_rule.actions.url_redirect_action.block-renamed
azurerm_cdn_frontdoor_rule.actions.url_rewrite_action.block-renamed
azurerm_cdn_frontdoor_rule.behavior_on_match.renamed
azurerm_cdn_frontdoor_rule.conditions.client_port.negate_condition.negate-fold
azurerm_cdn_frontdoor_rule.conditions.client_port_condition.block-renamed
azurerm_cdn_frontdoor_rule.conditions.cookies_condition.block-renamed
azurerm_cdn_frontdoor_rule.conditions.device_type.negate_condition.negate-fold
azurerm_cdn_frontdoor_rule.conditions.device_type.operator.now-required
azurerm_cdn_frontdoor_rule.conditions.device_type.values.now-required
azurerm_cdn_frontdoor_rule.conditions.host_name.negate_condition.negate-fold
azurerm_cdn_frontdoor_rule.conditions.host_name_condition.block-renamed
azurerm_cdn_frontdoor_rule.conditions.http_version.negate_condition.negate-fold
azurerm_cdn_frontdoor_rule.conditions.http_version.operator.now-required
azurerm_cdn_frontdoor_rule.conditions.http_version_condition.block-renamed
azurerm_cdn_frontdoor_rule.conditions.is_device_condition.block-renamed
azurerm_cdn_frontdoor_rule.conditions.post_args_condition.block-renamed
azurerm_cdn_frontdoor_rule.conditions.post_argument.negate_condition.negate-fold
azurerm_cdn_frontdoor_rule.conditions.post_argument.operator.now-required
azurerm_cdn_frontdoor_rule.conditions.query_string.negate_condition.negate-fold
azurerm_cdn_frontdoor_rule.conditions.query_string_condition.block-renamed
azurerm_cdn_frontdoor_rule.conditions.remote_address.negate_condition.negate-fold
azurerm_cdn_frontdoor_rule.conditions.remote_address.operator.now-required
azurerm_cdn_frontdoor_rule.conditions.remote_address.operator.value-removed
azurerm_cdn_frontdoor_rule.conditions.remote_address.values.now-required
azurerm_cdn_frontdoor_rule.conditions.remote_address_condition.block-renamed
azurerm_cdn_frontdoor_rule.conditions.request_body.negate_condition.negate-fold
azurerm_cdn_frontdoor_rule.conditions.request_body_condition.block-renamed
azurerm_cdn_frontdoor_rule.conditions.request_cookies.negate_condition.negate-fold
azurerm_cdn_frontdoor_rule.conditions.request_file_extension.negate_condition.negate-fold
azurerm_cdn_frontdoor_rule.conditions.request_filename.negate_condition.negate-fold
azurerm_cdn_frontdoor_rule.conditions.request_header.negate_condition.negate-fold
azurerm_cdn_frontdoor_rule.conditions.request_header_condition.block-renamed
azurerm_cdn_frontdoor_rule.conditions.request_method.negate_condition.negate-fold
azurerm_cdn_frontdoor_rule.conditions.request_method.operator.now-required
azurerm_cdn_frontdoor_rule.conditions.request_method_condition.block-renamed
azurerm_cdn_frontdoor_rule.conditions.request_path.negate_condition.negate-fold
azurerm_cdn_frontdoor_rule.conditions.request_scheme.negate_condition.negate-fold
azurerm_cdn_frontdoor_rule.conditions.request_scheme.operator.now-required
azurerm_cdn_frontdoor_rule.conditions.request_scheme_condition.block-renamed
azurerm_cdn_frontdoor_rule.conditions.request_uri_condition.block-renamed
azurerm_cdn_frontdoor_rule.conditions.request_url.negate_condition.negate-fold
azurerm_cdn_frontdoor_rule.conditions.server_port.negate_condition.negate-fold
azurerm_cdn_frontdoor_rule.conditions.server_port_condition.block-renamed
azurerm_cdn_frontdoor_rule.conditions.socket_address.negate_condition.negate-fold
azurerm_cdn_frontdoor_rule.conditions.socket_address.operator.now-required
azurerm_cdn_frontdoor_rule.conditions.socket_address.operator.value-removed
azurerm_cdn_frontdoor_rule.conditions.socket_address_condition.block-renamed
azurerm_cdn_frontdoor_rule.conditions.ssl_protocol.negate_condition.negate-fold
azurerm_cdn_frontdoor_rule.conditions.ssl_protocol.operator.now-required
azurerm_cdn_frontdoor_rule.conditions.ssl_protocol_condition.block-renamed
azurerm_cdn_frontdoor_rule.conditions.url_file_extension_condition.block-renamed
azurerm_cdn_frontdoor_rule.conditions.url_filename_condition.block-renamed
azurerm_cdn_frontdoor_rule.conditions.url_path_condition.block-renamed
azurerm_cdn_frontdoor_security_policy.security_policies.firewall.association.domain.cdn_frontdoor_domain_id.review
azurerm_communication_service.data_location.now-required
azurerm_container_app.template.container.liveness_probe.termination_grace_period_seconds.removed
azurerm_container_app.template.container.startup_probe.termination_grace_period_seconds.removed
azurerm_container_app_environment.logs_destination.default-changed
azurerm_container_app_job.template.container.liveness_probe.termination_grace_period_seconds.removed
azurerm_container_app_job.template.container.startup_probe.termination_grace_period_seconds.removed
azurerm_container_registry.georeplications.global_endpoint_routing_enabled.now-required
azurerm_container_registry.georeplications.regional_endpoint_enabled.renamed
azurerm_container_registry.trust_policy_enabled.removed
azurerm_cosmosdb_account.local_authentication_disabled.review
azurerm_cosmosdb_account.managed_hsm_key_id.review
azurerm_cosmosdb_account.minimal_tls_version.value-removed
azurerm_cost_management_scheduled_action.email_subject.review
azurerm_dashboard_grafana.grafana_major_version.value-removed
azurerm_dashboard_grafana.sku.value-removed
azurerm_data_factory_integration_runtime_self_hosted.rbac_authorization.resource_id.review
azurerm_data_factory_linked_service_azure_blob_storage.key_vault_sas_token.block-removed
azurerm_data_factory_linked_service_azure_databricks.msi_work_space_resource_id.renamed
azurerm_data_factory_linked_service_mysql.driver_version.default-changed
azurerm_data_factory_pipeline.moniter_metrics_after_duration.renamed
azurerm_datadog_monitor_sso_configuration.single_sign_on_enabled.renamed
azurerm_dedicated_host.license_type.value-removed
azurerm_disk_encryption_set.managed_hsm_key_id.review
azurerm_eventgrid_event_subscription.azure_function_endpoint.function_id.review
azurerm_eventgrid_event_subscription.eventhub_endpoint_id.renamed
azurerm_eventgrid_event_subscription.hybrid_connection_endpoint_id.renamed
azurerm_eventgrid_event_subscription.service_bus_queue_endpoint_id.renamed
azurerm_eventgrid_event_subscription.service_bus_topic_endpoint_id.renamed
azurerm_eventgrid_system_topic.metric_arm_resource_id.renamed
azurerm_eventgrid_system_topic.source_arm_resource_id.renamed
azurerm_eventgrid_system_topic_event_subscription.azure_function_endpoint.function_id.review
azurerm_eventgrid_system_topic_event_subscription.eventhub_endpoint_id.renamed
azurerm_eventgrid_system_topic_event_subscription.hybrid_connection_endpoint_id.renamed
azurerm_eventgrid_system_topic_event_subscription.service_bus_queue_endpoint_id.renamed
azurerm_eventgrid_system_topic_event_subscription.service_bus_topic_endpoint_id.renamed
azurerm_eventhub.namespace_name.review
azurerm_eventhub.resource_group_name.review
azurerm_eventhub_namespace.minimum_tls_version.value-removed
azurerm_express_route_connection.enable_internet_security.renamed
azurerm_express_route_connection.private_link_fast_path_enabled.removed
azurerm_federated_identity_credential.parent_id.renamed
azurerm_hdinsight_hadoop_cluster.storage_account.storage_container_id.review
azurerm_hdinsight_hadoop_cluster.storage_account.storage_resource_id.renamed
azurerm_hdinsight_hadoop_cluster.storage_account_gen2.managed_identity_resource_id.renamed
azurerm_hdinsight_hadoop_cluster.storage_account_gen2.storage_resource_id.renamed
azurerm_hdinsight_hadoop_cluster.tls_min_version.now-required
azurerm_hdinsight_hbase_cluster.storage_account.storage_container_id.review
azurerm_hdinsight_hbase_cluster.storage_account.storage_resource_id.renamed
azurerm_hdinsight_hbase_cluster.storage_account_gen2.managed_identity_resource_id.renamed
azurerm_hdinsight_hbase_cluster.storage_account_gen2.storage_resource_id.renamed
azurerm_hdinsight_hbase_cluster.tls_min_version.now-required
azurerm_hdinsight_interactive_query_cluster.storage_account.storage_container_id.review
azurerm_hdinsight_interactive_query_cluster.storage_account.storage_resource_id.renamed
azurerm_hdinsight_interactive_query_cluster.storage_account_gen2.managed_identity_resource_id.renamed
azurerm_hdinsight_interactive_query_cluster.storage_account_gen2.storage_resource_id.renamed
azurerm_hdinsight_interactive_query_cluster.tls_min_version.now-required
azurerm_hdinsight_kafka_cluster.storage_account.storage_container_id.review
azurerm_hdinsight_kafka_cluster.storage_account.storage_resource_id.renamed
azurerm_hdinsight_kafka_cluster.storage_account_gen2.managed_identity_resource_id.renamed
azurerm_hdinsight_kafka_cluster.storage_account_gen2.storage_resource_id.renamed
azurerm_hdinsight_kafka_cluster.tls_min_version.now-required
azurerm_hdinsight_spark_cluster.storage_account.storage_container_id.review
azurerm_hdinsight_spark_cluster.storage_account.storage_resource_id.renamed
azurerm_hdinsight_spark_cluster.storage_account_gen2.managed_identity_resource_id.renamed
azurerm_hdinsight_spark_cluster.storage_account_gen2.storage_resource_id.renamed
azurerm_hdinsight_spark_cluster.tls_min_version.now-required
azurerm_iot_security_solution.recommendations_enabled.block-removed
azurerm_key_vault.contact.block-removed
azurerm_key_vault.enable_rbac_authorization.renamed
azurerm_key_vault.rbac_authorization_enabled.now-required
azurerm_key_vault_certificate_contacts.contact.block-now-required
azurerm_kubernetes_cluster.default_node_pool.kubelet_config.container_log_max_line.renamed
azurerm_kubernetes_cluster.default_node_pool.linux_os_config.transparent_huge_page_enabled.renamed
azurerm_kubernetes_cluster.node_provisioning_profile.block-now-required
azurerm_kubernetes_cluster.oidc_issuer_enabled.default-changed
azurerm_kubernetes_cluster_node_pool.kubelet_config.container_log_max_line.renamed
azurerm_kubernetes_cluster_node_pool.linux_os_config.transparent_huge_page_enabled.renamed
azurerm_kusto_attached_database_configuration.cluster_resource_id.renamed
azurerm_kusto_cluster.language_extensions.block-removed
azurerm_kusto_cluster.virtual_network_configuration.block-removed
azurerm_kusto_eventgrid_data_connection.eventgrid_resource_id.renamed
azurerm_kusto_eventgrid_data_connection.managed_identity_resource_id.renamed
azurerm_lb_nat_rule.enable_floating_ip.renamed
azurerm_lb_nat_rule.enable_tcp_reset.renamed
azurerm_lb_outbound_rule.enable_tcp_reset.renamed
azurerm_linux_function_app.site_config.remote_debugging_version.value-removed
azurerm_linux_function_app_slot.site_config.remote_debugging_version.value-removed
azurerm_linux_virtual_machine_scale_set.automatic_os_upgrade_policy.disable_automatic_rollback.review
azurerm_linux_virtual_machine_scale_set.automatic_os_upgrade_policy.enable_automatic_os_upgrade.renamed
azurerm_linux_virtual_machine_scale_set.data_disk.ultra_ssd_disk_iops_read_write.renamed
azurerm_linux_virtual_machine_scale_set.data_disk.ultra_ssd_disk_mbps_read_write.renamed
azurerm_linux_virtual_machine_scale_set.network_interface.enable_accelerated_networking.renamed
azurerm_linux_virtual_machine_scale_set.network_interface.enable_ip_forwarding.renamed
azurerm_linux_web_app.site_config.application_stack.ruby_version.removed
azurerm_linux_web_app.site_config.remote_debugging_version.value-removed
azurerm_linux_web_app_slot.site_config.application_stack.ruby_version.removed
azurerm_linux_web_app_slot.site_config.remote_debugging_version.value-removed
azurerm_local_network_gateway.address_space.review
azurerm_log_analytics_linked_storage_account.workspace_resource_id.renamed
azurerm_log_analytics_workspace.internet_ingestion_enabled.bool-to-enum
azurerm_log_analytics_workspace.internet_query_enabled.bool-to-enum
azurerm_log_analytics_workspace.local_authentication_disabled.review
azurerm_logic_app_standard.app_service_plan_id.review
azurerm_logic_app_standard.client_certificate_mode.default-changed
azurerm_logic_app_standard.site_config.min_tls_version.value-removed
azurerm_logic_app_standard.site_config.public_network_access_enabled.review
azurerm_logic_app_standard.site_config.scm_min_tls_version.value-removed
azurerm_maintenance_assignment_virtual_machine_scale_set.virtual_machine_scale_set_id.review
azurerm_monitor_aad_diagnostic_setting.enabled_log.retention_policy.block-removed
azurerm_monitor_diagnostic_setting.enabled_log.retention_policy.block-removed
azurerm_monitor_diagnostic_setting.metric.block-removed
azurerm_monitor_diagnostic_setting.metric.retention_policy.block-removed
azurerm_mssql_database.long_term_retention_policy.immutable_backups_enabled.removed
azurerm_mssql_database.long_term_retention_policy.monthly_retention.default-changed
azurerm_mssql_database.long_term_retention_policy.weekly_retention.default-changed
azurerm_mssql_database.long_term_retention_policy.yearly_retention.default-changed
azurerm_mssql_database.threat_detection_policy.email_account_admins.review
azurerm_mssql_database_extended_auditing_policy.storage_endpoint.renamed
azurerm_mssql_managed_database.long_term_retention_policy.immutable_backups_enabled.removed
azurerm_mssql_managed_database.long_term_retention_policy.monthly_retention.default-changed
azurerm_mssql_managed_database.long_term_retention_policy.weekly_retention.default-changed
azurerm_mssql_managed_database.long_term_retention_policy.yearly_retention.default-changed
azurerm_mssql_managed_instance.minimum_tls_version.value-removed
azurerm_mssql_managed_instance.proxy_override.default-changed
azurerm_mssql_managed_instance.proxy_override.value-removed
azurerm_mssql_managed_instance_transparent_data_encryption.managed_hsm_key_id.review
azurerm_mssql_server.minimum_tls_version.value-removed
azurerm_mssql_server_extended_auditing_policy.storage_endpoint.renamed
azurerm_mssql_server_security_alert_policy.email_account_admins.renamed
azurerm_mssql_server_transparent_data_encryption.managed_hsm_key_id.review
azurerm_mssql_virtual_machine.auto_backup.encryption_enabled.removed
azurerm_mysql_flexible_server.customer_managed_key.managed_hsm_key_id.review
azurerm_netapp_volume.export_policy_rule.protocols_enabled.renamed
azurerm_netapp_volume.mount_ip_addresses.review
azurerm_network_watcher_flow_log.network_security_group_id.renamed
azurerm_nginx_deployment.diagnose_support_enabled.removed
azurerm_nginx_deployment.logging_storage_account.block-removed
azurerm_nginx_deployment.managed_resource_group.removed
azurerm_orchestrated_virtual_machine_scale_set.data_disk.ultra_ssd_disk_iops_read_write.renamed
azurerm_orchestrated_virtual_machine_scale_set.data_disk.ultra_ssd_disk_mbps_read_write.renamed
azurerm_orchestrated_virtual_machine_scale_set.network_interface.enable_accelerated_networking.renamed
azurerm_orchestrated_virtual_machine_scale_set.network_interface.enable_ip_forwarding.renamed
azurerm_orchestrated_virtual_machine_scale_set.os_profile.windows_configuration.enable_automatic_updates.renamed
azurerm_orchestrated_virtual_machine_scale_set.sku_profile.vm_sizes.review
azurerm_palo_alto_next_generation_firewall_virtual_hub_local_rulestack.plan_id.default-changed
azurerm_palo_alto_next_generation_firewall_virtual_hub_panorama.plan_id.default-changed
azurerm_palo_alto_next_generation_firewall_virtual_network_local_rulestack.plan_id.default-changed
azurerm_palo_alto_next_generation_firewall_virtual_network_panorama.plan_id.default-changed
azurerm_policy_set_definition.management_group_id.removed
azurerm_powerbi_embedded.mode.default-changed
azurerm_private_dns_a_record.resource_group_name.review
azurerm_private_dns_a_record.zone_name.review
azurerm_private_dns_aaaa_record.resource_group_name.review
azurerm_private_dns_aaaa_record.zone_name.review
azurerm_private_dns_cname_record.resource_group_name.review
azurerm_private_dns_cname_record.zone_name.review
azurerm_private_dns_mx_record.resource_group_name.review
azurerm_private_dns_mx_record.zone_name.review
azurerm_private_dns_ptr_record.resource_group_name.review
azurerm_private_dns_ptr_record.zone_name.review
azurerm_private_dns_srv_record.resource_group_name.review
azurerm_private_dns_srv_record.zone_name.review
azurerm_private_dns_txt_record.resource_group_name.review
azurerm_private_dns_txt_record.zone_name.review
azurerm_private_dns_zone_virtual_network_link.private_dns_zone_name.review
azurerm_private_dns_zone_virtual_network_link.resource_group_name.review
azurerm_private_link_service.enable_proxy_protocol.renamed
azurerm_recovery_services_vault.soft_delete_enabled.removed
azurerm_redis_cache.minimum_tls_version.value-removed
azurerm_security_center_automation.action.type.value-removed
azurerm_sentinel_alert_rule_fusion.name.removed
azurerm_servicebus_namespace.minimum_tls_version.value-removed
azurerm_site_recovery_protection_container_mapping.automatic_update.automation_account_id.now-required
azurerm_site_recovery_protection_container_mapping.automatic_update.enabled.removed
azurerm_site_recovery_replicated_vm.network_interface.ip_configuration.fields-moved
azurerm_spring_cloud_connection.client_type.value-removed
azurerm_static_web_app.identity.type.value-removed
azurerm_storage_account.allow_nested_items_to_be_public.default-changed
azurerm_storage_account.customer_managed_key.managed_hsm_key_id.review
azurerm_storage_account.min_tls_version.value-removed
azurerm_storage_account.queue_properties.block-removed
azurerm_storage_account.static_website.block-removed
azurerm_storage_account_customer_managed_key.key_name.review
azurerm_storage_account_customer_managed_key.key_vault_id.review
azurerm_storage_account_customer_managed_key.key_vault_uri.review
azurerm_storage_account_customer_managed_key.key_version.review
azurerm_storage_account_customer_managed_key.managed_hsm_key_id.review
azurerm_storage_blob.storage_account_name.name-to-id
azurerm_storage_container.storage_account_name.name-to-id
azurerm_storage_queue.storage_account_name.name-to-id
azurerm_storage_share.storage_account_name.name-to-id
azurerm_storage_share_directory.storage_share_id.review
azurerm_storage_share_file.storage_share_id.review
azurerm_storage_table.storage_account_name.name-to-id
azurerm_storage_table_entity.storage_table_id.review
azurerm_subnet.service_endpoints.attr-to-block
azurerm_synapse_spark_pool.spark_version.value-removed
azurerm_virtual_network.subnet.service_endpoints.attr-to-block
azurerm_virtual_network_gateway.enable_bgp.renamed
azurerm_virtual_network_gateway_connection.enable_bgp.renamed
azurerm_windows_function_app.site_config.remote_debugging_version.value-removed
azurerm_windows_function_app_slot.site_config.remote_debugging_version.value-removed
azurerm_windows_virtual_machine.enable_automatic_updates.renamed
azurerm_windows_virtual_machine_scale_set.automatic_os_upgrade_policy.disable_automatic_rollback.review
azurerm_windows_virtual_machine_scale_set.automatic_os_upgrade_policy.enable_automatic_os_upgrade.renamed
azurerm_windows_virtual_machine_scale_set.data_disk.ultra_ssd_disk_iops_read_write.renamed
azurerm_windows_virtual_machine_scale_set.data_disk.ultra_ssd_disk_mbps_read_write.renamed
azurerm_windows_virtual_machine_scale_set.enable_automatic_updates.renamed
azurerm_windows_virtual_machine_scale_set.network_interface.enable_accelerated_networking.renamed
azurerm_windows_virtual_machine_scale_set.network_interface.enable_ip_forwarding.renamed
azurerm_windows_web_app.site_config.remote_debugging_version.value-removed
azurerm_windows_web_app.virtual_network_image_pull_enabled.default-changed
azurerm_windows_web_app_slot.site_config.remote_debugging_version.value-removed
azurerm_windows_web_app_slot.virtual_network_image_pull_enabled.default-changed
data-source.removed
data.azurerm_servicebus_namespace_disaster_recovery_config.namespace_name.review
data.azurerm_servicebus_namespace_disaster_recovery_config.resource_group_name.review
data.azurerm_servicebus_queue.namespace_name.review
data.azurerm_servicebus_queue.resource_group_name.review
data.azurerm_servicebus_subscription.namespace_name.review
data.azurerm_servicebus_subscription.resource_group_name.review
data.azurerm_servicebus_subscription.topic_name.review
data.azurerm_storage_blob.storage_account_name.review
data.azurerm_storage_blob.storage_container_name.review
data.azurerm_storage_container.storage_account_name.name-to-id
data.azurerm_storage_queue.storage_account_name.name-to-id
data.azurerm_storage_share.storage_account_name.name-to-id
data.azurerm_storage_table.storage_account_name.name-to-id
data.azurerm_storage_table_entity.storage_table_id.review
provider.enhanced-validation
provider.resource-provider-registrations
provider.version-pin
resource.removed
